<html>
<body>
<pre>
<h1>µVision Build Log</h1>
<h2>Tool Versions:</h2>
IDE-Version: µVision V5.28.0.0
Copyright (C) 2019 ARM Ltd and ARM Germany GmbH. All rights reserved.
License Information: oleksandr Kimnazkyi, NULP, LIC=HF8NN-Y4VZZ-ZCGJY-I4DK0-T75GZ-KTRWE
 
Tool Versions:
Toolchain:       MDK-ARM Professional  Version: 5.28.0.0
Toolchain Path:  C:\Keil_v5\ARM\ARMCC\Bin
C Compiler:      Armcc.exe V5.06 update 6 (build 750)
Assembler:       Armasm.exe V5.06 update 6 (build 750)
Linker/Locator:  ArmLink.exe V5.06 update 6 (build 750)
Library Manager: ArmAr.exe V5.06 update 6 (build 750)
Hex Converter:   FromElf.exe V5.06 update 6 (build 750)
CPU DLL:         SARMCM3.DLL V5.28.0.0
Dialog DLL:      DCM.DLL V1.17.3.0
Target DLL:      UL2CM3.DLL V1.162.16.0
Dialog DLL:      TCM.DLL V1.36.2.0
 
<h2>Project:</h2>
E:\study\simens\newDivice\Legendarne_Zavdanna_no_warnings\Legendarne_Zavdanna\Legenda.uvprojx
Project File Date:  01/10/2020

<h2>Output:</h2>
*** Using Compiler 'V5.06 update 6 (build 750)', folder: 'C:\Keil_v5\ARM\ARMCC\Bin'
Build target 'Legenda'
assembling startup_LPC17xx.s...
compiling lpc17xx_libcfg_default.c...
compiling system_LPC17xx.c...
compiling debug_frmwrk.c...
compiling lpc17xx_pinsel.c...
compiling lpc17xx_clkpwr.c...
compiling lpc17xx_gpio.c...
compiling lpc17xx_uart.c...
compiling lpc17xx_adc.c...
compiling lpc17xx_dac.c...
compiling PORTS.c...
compiling lpc17xx_gpdma.c...
compiling ADC.c...
compiling lpc17xx_pwm.c...
compiling lpc17xx_i2c.c...
compiling TIME.c...
compiling DAC.c...
compiling PWM.c...
compiling memory.c...
compiling TERMINAL.c...
compiling main.c...
linking...
Program Size: Code=19952 RO-data=748 RW-data=280 ZI-data=688  
".\Objects\Legenda.axf" - 0 Error(s), 0 Warning(s).

<h2>Software Packages used:</h2>

Package Vendor: ARM
                http://www.keil.com/pack/ARM.CMSIS.5.6.0.pack
                ARM.CMSIS.5.6.0
                CMSIS (Cortex Microcontroller Software Interface Standard)
   * Component: CORE Version: 5.3.0

Package Vendor: Keil
                http://www.keil.com/pack/Keil.LPC1700_DFP.2.6.0.pack
                Keil.LPC1700_DFP.2.6.0
                NXP LPC1700 Series Device Support, Drivers and Examples for MCB1700 and LPC1788-32

<h2>Collection of Component include folders:</h2>
  .\RTE\_Legenda
  C:\Users\sania\AppData\Local\Arm\Packs\ARM\CMSIS\5.6.0\CMSIS\Core\Include
  C:\Users\sania\AppData\Local\Arm\Packs\Keil\LPC1700_DFP\2.6.0\Device\Include

<h2>Collection of Component Files used:</h2>

   * Component: ARM::CMSIS:CORE:5.3.0
Build Time Elapsed:  00:00:02
</pre>
</body>
</html>
